EN binary_cnt NULL /home/lab661/Documents/SzymutkoStejskal/Digital_electronics_1/LABS/05-counter_binary/binary_counter/binary_cnt.vhd sub00/vhpl02 1583404409
EN hex_to_7seg NULL /home/lab661/Documents/SzymutkoStejskal/Digital_electronics_1/LABS/03-segment/hex_to_7seg/hex_to_7seg.vhd sub00/vhpl04 1583404411
AR binary_cnt behavioral /home/lab661/Documents/SzymutkoStejskal/Digital_electronics_1/LABS/05-counter_binary/binary_counter/binary_cnt.vhd sub00/vhpl03 1583404410
EN top NULL /home/lab661/Documents/SzymutkoStejskal/Digital_electronics_1/LABS/05-counter_binary/binary_counter/top.vhd sub00/vhpl06 1583404413
AR clock_enable behavioral /home/lab661/Documents/SzymutkoStejskal/Digital_electronics_1/LABS/05-counter_binary/binary_counter/clock_enable.vhd sub00/vhpl01 1583404408
AR hex_to_7seg behavioral /home/lab661/Documents/SzymutkoStejskal/Digital_electronics_1/LABS/03-segment/hex_to_7seg/hex_to_7seg.vhd sub00/vhpl05 1583404412
EN clock_enable NULL /home/lab661/Documents/SzymutkoStejskal/Digital_electronics_1/LABS/05-counter_binary/binary_counter/clock_enable.vhd sub00/vhpl00 1583404407
AR top behavioral /home/lab661/Documents/SzymutkoStejskal/Digital_electronics_1/LABS/05-counter_binary/binary_counter/top.vhd sub00/vhpl07 1583404414
