V3 3
FL /home/lab661/Documents/SzymutkoStejskal/Digital_electronics_1/LABS/02-ise/Komparator/Top.vhd 2020/02/13.11:36:22 P.20131013
EN work/top 1581590188 \
      FL /home/lab661/Documents/SzymutkoStejskal/Digital_electronics_1/LABS/02-ise/Komparator/Top.vhd \
      PB ieee/std_logic_1164 1381692176
AR work/top/Behavioral 1581590189 \
      FL /home/lab661/Documents/SzymutkoStejskal/Digital_electronics_1/LABS/02-ise/Komparator/Top.vhd \
      EN work/top 1581590188
